ADDON name: plugin.video.slavishow
---------------
GITHUB DIR:
C:\Users\genevh\Documents\GitHub\plugin.video.slavishow\plugin.video.slavishow
KODI DIR:
C:\Users\genevh\AppData\Roaming\Kodi\addons\plugin.video.slavishow
FILES:
.\plugin.video.slavishow\addon.py
.\plugin.video.slavishow\addon.xml build 0 incremented to 1
.\plugin.video.slavishow\icon.png
.\plugin.video.slavishow\resources\__init__.py
.\plugin.video.slavishow\resources\lib\categories.json
.\plugin.video.slavishow\resources\lib\helper.py
.\plugin.video.slavishow\resources\lib\__init__.py
--------------
TOTAL: 7 files 
ZIP FILE: plugin.video.slavishow.zip
VERSION: 1.1.1
BUILD TIME: Wed Jul 06 15:31:38 2016